// Jest Snapshot v1, https://goo.gl/fbAQLP

exports[`license services license map url should return the url for a particular license object 1`] = `
Object {
  "accountId": "1234",
  "computer": "Paul's Macbook",
  "exp": 4070937600000,
  "iat": 1508729273,
  "productId": "awesome product!",
}
`;
